testingasdasdassasdasd
abcdefgasd
testestasdasdasd
asdaaasdsaasdasdasasd
adsadqqasdasdasdasdasd
asdsass
12312312asdasasdasd
asdasdasd